before fields count: 187
addScript: loaded ../src/external/require.js
app: running under node
addScript: loaded ../src/app.js
test harness: starting script loading with requirejs
test harness: main loaded
Rhizi main started
rhizi: init drag-n-drop
after fields count: 195
new fields count: 8
requirejs,require,define,rhizi_require_config,$,jQuery,d3,saveAs
